Archive member included to satisfy reference by file (symbol)

D:/STM32/stm32cubeide/STM32CubeIDE_1.13.0/STM32CubeIDE/plugins/com.st.stm32cube.ide.mcu.externaltools.gnu-tools-for-stm32.11.3.rel1.win32_1.1.0.202305231506/tools/bin/../lib/gcc/arm-none-eabi/11.3.1/../../../../arm-none-eabi/lib/thumb/v7-m/nofp\libc_nano.a(libc_a-exit.o)
                              D:/STM32/stm32cubeide/STM32CubeIDE_1.13.0/STM32CubeIDE/plugins/com.st.stm32cube.ide.mcu.externaltools.gnu-tools-for-stm32.11.3.rel1.win32_1.1.0.202305231506/tools/bin/../lib/gcc/arm-none-eabi/11.3.1/../../../../arm-none-eabi/lib/thumb/v7-m/nofp/crt0.o (exit)
D:/STM32/stm32cubeide/STM32CubeIDE_1.13.0/STM32CubeIDE/plugins/com.st.stm32cube.ide.mcu.externaltools.gnu-tools-for-stm32.11.3.rel1.win32_1.1.0.202305231506/tools/bin/../lib/gcc/arm-none-eabi/11.3.1/../../../../arm-none-eabi/lib/thumb/v7-m/nofp\libc_nano.a(libc_a-findfp.o)
                              D:/STM32/stm32cubeide/STM32CubeIDE_1.13.0/STM32CubeIDE/plugins/com.st.stm32cube.ide.mcu.externaltools.gnu-tools-for-stm32.11.3.rel1.win32_1.1.0.202305231506/tools/bin/../lib/gcc/arm-none-eabi/11.3.1/../../../../arm-none-eabi/lib/thumb/v7-m/nofp\libc_nano.a(libc_a-exit.o) (__stdio_exit_handler)
D:/STM32/stm32cubeide/STM32CubeIDE_1.13.0/STM32CubeIDE/plugins/com.st.stm32cube.ide.mcu.externaltools.gnu-tools-for-stm32.11.3.rel1.win32_1.1.0.202305231506/tools/bin/../lib/gcc/arm-none-eabi/11.3.1/../../../../arm-none-eabi/lib/thumb/v7-m/nofp\libc_nano.a(libc_a-fwalk.o)
                              D:/STM32/stm32cubeide/STM32CubeIDE_1.13.0/STM32CubeIDE/plugins/com.st.stm32cube.ide.mcu.externaltools.gnu-tools-for-stm32.11.3.rel1.win32_1.1.0.202305231506/tools/bin/../lib/gcc/arm-none-eabi/11.3.1/../../../../arm-none-eabi/lib/thumb/v7-m/nofp\libc_nano.a(libc_a-findfp.o) (_fwalk_sglue)
D:/STM32/stm32cubeide/STM32CubeIDE_1.13.0/STM32CubeIDE/plugins/com.st.stm32cube.ide.mcu.externaltools.gnu-tools-for-stm32.11.3.rel1.win32_1.1.0.202305231506/tools/bin/../lib/gcc/arm-none-eabi/11.3.1/../../../../arm-none-eabi/lib/thumb/v7-m/nofp\libc_nano.a(libc_a-stdio.o)
                              D:/STM32/stm32cubeide/STM32CubeIDE_1.13.0/STM32CubeIDE/plugins/com.st.stm32cube.ide.mcu.externaltools.gnu-tools-for-stm32.11.3.rel1.win32_1.1.0.202305231506/tools/bin/../lib/gcc/arm-none-eabi/11.3.1/../../../../arm-none-eabi/lib/thumb/v7-m/nofp\libc_nano.a(libc_a-findfp.o) (__sread)
D:/STM32/stm32cubeide/STM32CubeIDE_1.13.0/STM32CubeIDE/plugins/com.st.stm32cube.ide.mcu.externaltools.gnu-tools-for-stm32.11.3.rel1.win32_1.1.0.202305231506/tools/bin/../lib/gcc/arm-none-eabi/11.3.1/../../../../arm-none-eabi/lib/thumb/v7-m/nofp\libc_nano.a(libc_a-memset.o)
                              D:/STM32/stm32cubeide/STM32CubeIDE_1.13.0/STM32CubeIDE/plugins/com.st.stm32cube.ide.mcu.externaltools.gnu-tools-for-stm32.11.3.rel1.win32_1.1.0.202305231506/tools/bin/../lib/gcc/arm-none-eabi/11.3.1/../../../../arm-none-eabi/lib/thumb/v7-m/nofp/crt0.o (memset)
D:/STM32/stm32cubeide/STM32CubeIDE_1.13.0/STM32CubeIDE/plugins/com.st.stm32cube.ide.mcu.externaltools.gnu-tools-for-stm32.11.3.rel1.win32_1.1.0.202305231506/tools/bin/../lib/gcc/arm-none-eabi/11.3.1/../../../../arm-none-eabi/lib/thumb/v7-m/nofp\libc_nano.a(libc_a-closer.o)
                              D:/STM32/stm32cubeide/STM32CubeIDE_1.13.0/STM32CubeIDE/plugins/com.st.stm32cube.ide.mcu.externaltools.gnu-tools-for-stm32.11.3.rel1.win32_1.1.0.202305231506/tools/bin/../lib/gcc/arm-none-eabi/11.3.1/../../../../arm-none-eabi/lib/thumb/v7-m/nofp\libc_nano.a(libc_a-stdio.o) (_close_r)
D:/STM32/stm32cubeide/STM32CubeIDE_1.13.0/STM32CubeIDE/plugins/com.st.stm32cube.ide.mcu.externaltools.gnu-tools-for-stm32.11.3.rel1.win32_1.1.0.202305231506/tools/bin/../lib/gcc/arm-none-eabi/11.3.1/../../../../arm-none-eabi/lib/thumb/v7-m/nofp\libc_nano.a(libc_a-reent.o)
                              D:/STM32/stm32cubeide/STM32CubeIDE_1.13.0/STM32CubeIDE/plugins/com.st.stm32cube.ide.mcu.externaltools.gnu-tools-for-stm32.11.3.rel1.win32_1.1.0.202305231506/tools/bin/../lib/gcc/arm-none-eabi/11.3.1/../../../../arm-none-eabi/lib/thumb/v7-m/nofp\libc_nano.a(libc_a-closer.o) (errno)
D:/STM32/stm32cubeide/STM32CubeIDE_1.13.0/STM32CubeIDE/plugins/com.st.stm32cube.ide.mcu.externaltools.gnu-tools-for-stm32.11.3.rel1.win32_1.1.0.202305231506/tools/bin/../lib/gcc/arm-none-eabi/11.3.1/../../../../arm-none-eabi/lib/thumb/v7-m/nofp\libc_nano.a(libc_a-impure.o)
                              D:/STM32/stm32cubeide/STM32CubeIDE_1.13.0/STM32CubeIDE/plugins/com.st.stm32cube.ide.mcu.externaltools.gnu-tools-for-stm32.11.3.rel1.win32_1.1.0.202305231506/tools/bin/../lib/gcc/arm-none-eabi/11.3.1/../../../../arm-none-eabi/lib/thumb/v7-m/nofp\libc_nano.a(libc_a-reent.o) (_impure_ptr)
[...]
Memory Configuration

Name             Origin             Length             Attributes
RAM              0x0000000020000000 0x0000000000005000 xrw
FLASH            0x0000000008000000 0x0000000000010000 xr
*default*        0x0000000000000000 0xffffffffffffffff

Linker script and memory map

LOAD D:/STM32/stm32cubeide/STM32CubeIDE_1.13.0/STM32CubeIDE/plugins/com.st.stm32cube.ide.mcu.externaltools.gnu-tools-for-stm32.11.3.rel1.win32_1.1.0.202305231506/tools/bin/../lib/gcc/arm-none-eabi/11.3.1/thumb/v7-m/nofp/crti.o
LOAD D:/STM32/stm32cubeide/STM32CubeIDE_1.13.0/STM32CubeIDE/plugins/com.st.stm32cube.ide.mcu.externaltools.gnu-tools-for-stm32.11.3.rel1.win32_1.1.0.202305231506/tools/bin/../lib/gcc/arm-none-eabi/11.3.1/thumb/v7-m/nofp/crtbegin.o
LOAD D:/STM32/stm32cubeide/STM32CubeIDE_1.13.0/STM32CubeIDE/plugins/com.st.stm32cube.ide.mcu.externaltools.gnu-tools-for-stm32.11.3.rel1.win32_1.1.0.202305231506/tools/bin/../lib/gcc/arm-none-eabi/11.3.1/../../../../arm-none-eabi/lib/thumb/v7-m/nofp/crt0.o
LOAD ./Core/Src/7segs.o
LOAD ./Core/Src/TrafficLight.o
LOAD ./Core/Src/main.o
LOAD ./Core/Src/modify.o
LOAD ./Core/Src/readbutton.o
LOAD ./Core/Src/software_timer.o
LOAD ./Core/Src/stm32f1xx_hal_msp.o
LOAD ./Core/Src/stm32f1xx_it.o
LOAD ./Core/Src/syscalls.o
LOAD ./Core/Src/sysmem.o
LOAD ./Core/Src/system_stm32f1xx.o
LOAD ./Core/Startup/startup_stm32f103c8tx.o
LOAD ./Drivers/STM32F1xx_HAL_Driver/Src/stm32f1xx_hal.o
LOAD ./Drivers/STM32F1xx_HAL_Driver/Src/stm32f1xx_hal_cortex.o
LOAD ./Drivers/STM32F1xx_HAL_Driver/Src/stm32f1xx_hal_dma.o
LOAD ./Drivers/STM32F1xx_HAL_Driver/Src/stm32f1xx_hal_exti.o
LOAD ./Drivers/STM32F1xx_HAL_Driver/Src/stm32f1xx_hal_flash.o
LOAD ./Drivers/STM32F1xx_HAL_Driver/Src/stm32f1xx_hal_flash_ex.o
LOAD ./Drivers/STM32F1xx_HAL_Driver/Src/stm32f1xx_hal_gpio.o
LOAD ./Drivers/STM32F1xx_HAL_Driver/Src/stm32f1xx_hal_gpio_ex.o
LOAD ./Drivers/STM32F1xx_HAL_Driver/Src/stm32f1xx_hal_pwr.o
LOAD ./Drivers/STM32F1xx_HAL_Driver/Src/stm32f1xx_hal_rcc.o
LOAD ./Drivers/STM32F1xx_HAL_Driver/Src/stm32f1xx_hal_rcc_ex.o
LOAD ./Drivers/STM32F1xx_HAL_Driver/Src/stm32f1xx_hal_tim.o
LOAD ./Drivers/STM32F1xx_HAL_Driver/Src/stm32f1xx_hal_tim_ex.o
START GROUP
LOAD D:/STM32/stm32cubeide/STM32CubeIDE_1.13.0/STM32CubeIDE/plugins/com.st.stm32cube.ide.mcu.externaltools.gnu-tools-for-stm32.11.3.rel1.win32_1.1.0.202305231506/tools/bin/../lib/gcc/arm-none-eabi/11.3.1/../../../../arm-none-eabi/lib/thumb/v7-m/nofp\libc_nano.a
LOAD D:/STM32/stm32cubeide/STM32CubeIDE_1.13.0/STM32CubeIDE/plugins/com.st.stm32cube.ide.mcu.externaltools.gnu-tools-for-stm32.11.3.rel1.win32_1.1.0.202305231506/tools/bin/../lib/gcc/arm-none-eabi/11.3.1/../../../../arm-none-eabi/lib/thumb/v7-m/nofp\libm.a
END GROUP
START GROUP
LOAD D:/STM32/stm32cubeide/STM32CubeIDE_1.13.0/STM32CubeIDE/plugins/com.st.stm32cube.ide.mcu.externaltools.gnu-tools-for-stm32.11.3.rel1.win32_1.1.0.202305231506/tools/bin/../lib/gcc/arm-none-eabi/11.3.1/thumb/v7-m/nofp\libgcc.a
LOAD D:/STM32/stm32cubeide/STM32CubeIDE_1.13.0/STM32CubeIDE/plugins/com.st.stm32cube.ide.mcu.externaltools.gnu-tools-for-stm32.11.3.rel1.win32_1.1.0.202305231506/tools/bin/../lib/gcc/arm-none-eabi/11.3.1/../../../../arm-none-eabi/lib/thumb/v7-m/nofp\libc_nano.a
END GROUP
START GROUP
LOAD D:/STM32/stm32cubeide/STM32CubeIDE_1.13.0/STM32CubeIDE/plugins/com.st.stm32cube.ide.mcu.externaltools.gnu-tools-for-stm32.11.3.rel1.win32_1.1.0.202305231506/tools/bin/../lib/gcc/arm-none-eabi/11.3.1/thumb/v7-m/nofp\libgcc.a
LOAD D:/STM32/stm32cubeide/STM32CubeIDE_1.13.0/STM32CubeIDE/plugins/com.st.stm32cube.ide.mcu.externaltools.gnu-tools-for-stm32.11.3.rel1.win32_1.1.0.202305231506/tools/bin/../lib/gcc/arm-none-eabi/11.3.1/../../../../arm-none-eabi/lib/thumb/v7-m/nofp\libc_nano.a
LOAD D:/STM32/stm32cubeide/STM32CubeIDE_1.13.0/STM32CubeIDE/plugins/com.st.stm32cube.ide.mcu.externaltools.gnu-tools-for-stm32.11.3.rel1.win32_1.1.0.202305231506/tools/bin/../lib/gcc/arm-none-eabi/11.3.1/../../../../arm-none-eabi/lib/thumb/v7-m/nofp\libnosys.a
END GROUP
START GROUP
LOAD D:/STM32/stm32cubeide/STM32CubeIDE_1.13.0/STM32CubeIDE/plugins/com.st.stm32cube.ide.mcu.externaltools.gnu-tools-for-stm32.11.3.rel1.win32_1.1.0.202305231506/tools/bin/../lib/gcc/arm-none-eabi/11.3.1/thumb/v7-m/nofp\libgcc.a
LOAD D:/STM32/stm32cubeide/STM32CubeIDE_1.13.0/STM32CubeIDE/plugins/com.st.stm32cube.ide.mcu.externaltools.gnu-tools-for-stm32.11.3.rel1.win32_1.1.0.202305231506/tools/bin/../lib/gcc/arm-none-eabi/11.3.1/../../../../arm-none-eabi/lib/thumb/v7-m/nofp\libc_nano.a
LOAD D:/STM32/stm32cubeide/STM32CubeIDE_1.13.0/STM32CubeIDE/plugins/com.st.stm32cube.ide.mcu.externaltools.gnu-tools-for-stm32.11.3.rel1.win32_1.1.0.202305231506/tools/bin/../lib/gcc/arm-none-eabi/11.3.1/../../../../arm-none-eabi/lib/thumb/v7-m/nofp\libnosys.a
END GROUP
LOAD D:/STM32/stm32cubeide/STM32CubeIDE_1.13.0/STM32CubeIDE/plugins/com.st.stm32cube.ide.mcu.externaltools.gnu-tools-for-stm32.11.3.rel1.win32_1.1.0.202305231506/tools/bin/../lib/gcc/arm-none-eabi/11.3.1/thumb/v7-m/nofp/crtend.o
LOAD D:/STM32/stm32cubeide/STM32CubeIDE_1.13.0/STM32CubeIDE/plugins/com.st.stm32cube.ide.mcu.externaltools.gnu-tools-for-stm32.11.3.rel1.win32_1.1.0.202305231506/tools/bin/../lib/gcc/arm-none-eabi/11.3.1/thumb/v7-m/nofp/crtn.o
                0x0000000020005000                _estack = (ORIGIN (RAM) + LENGTH (RAM))
                0x0000000000000200                _Min_Heap_Size = 0x200
                0x0000000000000400                _Min_Stack_Size = 0x400

.isr_vector     0x0000000008000000      0x10c
                0x0000000008000000                . = ALIGN (0x4)
 *(.isr_vector)
 .isr_vector    0x0000000008000000      0x10c ./Core/Startup/startup_stm32f103c8tx.o
                0x0000000008000000                g_pfnVectors
                0x000000000800010c                . = ALIGN (0x4)

.text           0x000000000800010c     0x2b90
                0x000000000800010c                . = ALIGN (0x4)
 *(.text)
 .text          0x000000000800010c       0x40 D:/STM32/stm32cubeide/STM32CubeIDE_1.13.0/STM32CubeIDE/plugins/com.st.stm32cube.ide.mcu.externaltools.gnu-tools-for-stm32.11.3.rel1.win32_1.1.0.202305231506/tools/bin/../lib/gcc/arm-none-eabi/11.3.1/thumb/v7-m/nofp/crtbegin.o
 *(.text*)
 .text.update7SegBuffer
                0x000000000800014c       0x94 ./Core/Src/7segs.o
                0x000000000800014c                update7SegBuffer
 .text.OffAll_7Seg
                0x00000000080001e0       0x3c ./Core/Src/7segs.o
                0x00000000080001e0                OffAll_7Seg
 .text.display7SEG
                0x000000000800021c      0x364 ./Core/Src/7segs.o
                0x000000000800021c                display7SEG
 .text.update7SEG
                0x0000000008000580      0x158 ./Core/Src/7segs.o
                0x0000000008000580                update7SEG
 .text.traffic_light
                0x00000000080006d8       0xf4 ./Core/Src/TrafficLight.o
                0x00000000080006d8                traffic_light
 .text.main     0x00000000080007cc       0x4c ./Core/Src/main.o
                0x00000000080007cc                main
 .text.SystemClock_Config
                0x0000000008000818       0x76 ./Core/Src/main.o
                0x0000000008000818                SystemClock_Config
 *fill*         0x000000000800088e        0x2 
 .text.MX_TIM2_Init
                0x0000000008000890       0x98 ./Core/Src/main.o
 .text.MX_GPIO_Init
                0x0000000008000928      0x108 ./Core/Src/main.o
 .text.HAL_TIM_PeriodElapsedCallback
                0x0000000008000a30       0x14 ./Core/Src/main.o
                0x0000000008000a30                HAL_TIM_PeriodElapsedCallback
 .text.Error_Handler
                0x0000000008000a44        0xa ./Core/Src/main.o
                0x0000000008000a44                Error_Handler
 *fill*         0x0000000008000a4e        0x2 
 .text.ControlTraffic
                0x0000000008000a50      0x330 ./Core/Src/modify.o
                0x0000000008000a50                ControlTraffic
 .text.TrafficLightFSM
                0x0000000008000d80      0x110 ./Core/Src/modify.o
                0x0000000008000d80                TrafficLightFSM
 .text.button0  0x0000000008000e90       0xb0 ./Core/Src/modify.o
                0x0000000008000e90                button0
 .text.button1  0x0000000008000f40       0x80 ./Core/Src/modify.o
                0x0000000008000f40                button1
 .text.button2  0x0000000008000fc0       0x80 ./Core/Src/modify.o
                0x0000000008000fc0                button2
 .text.led2Hz   0x0000000008001040      0x16c ./Core/Src/modify.o
                0x0000000008001040                led2Hz
 .text.initButton
                0x00000000080011ac       0x7c ./Core/Src/readbutton.o
                0x00000000080011ac                initButton
 .text.read_button
                0x0000000008001228      0x17c ./Core/Src/readbutton.o
                0x0000000008001228                read_button
 .text.is_button_pressed
                0x00000000080013a4       0x2c ./Core/Src/readbutton.o
                0x00000000080013a4                is_button_pressed
 .text.setTimer
                0x00000000080013d0       0x44 ./Core/Src/software_timer.o
                0x00000000080013d0                setTimer
 .text.timerRun
                0x0000000008001414       0x64 ./Core/Src/software_timer.o
                0x0000000008001414                timerRun
 .text.timerOn  0x0000000008001478       0x38 ./Core/Src/software_timer.o
                0x0000000008001478                timerOn
 .text.initTimer
                0x00000000080014b0       0x34 ./Core/Src/software_timer.o
                0x00000000080014b0                initTimer
 .text.HAL_MspInit
                0x00000000080014e4       0x44 ./Core/Src/stm32f1xx_hal_msp.o
                0x00000000080014e4                HAL_MspInit
 .text.HAL_TIM_Base_MspInit
                0x0000000008001528       0x48 ./Core/Src/stm32f1xx_hal_msp.o
                0x0000000008001528                HAL_TIM_Base_MspInit
 .text.NMI_Handler
                0x0000000008001570        0x6 ./Core/Src/stm32f1xx_it.o
                0x0000000008001570                NMI_Handler
 .text.HardFault_Handler
                0x0000000008001576        0x6 ./Core/Src/stm32f1xx_it.o
                0x0000000008001576                HardFault_Handler
 .text.MemManage_Handler
                0x000000000800157c        0x6 ./Core/Src/stm32f1xx_it.o
                0x000000000800157c                MemManage_Handler
 .text.BusFault_Handler
                0x0000000008001582        0x6 ./Core/Src/stm32f1xx_it.o
                0x0000000008001582                BusFault_Handler
 .text.UsageFault_Handler
                0x0000000008001588        0x6 ./Core/Src/stm32f1xx_it.o
                0x0000000008001588                UsageFault_Handler
 .text.SVC_Handler
                0x000000000800158e        0xc ./Core/Src/stm32f1xx_it.o
                0x000000000800158e                SVC_Handler
 .text.DebugMon_Handler
                0x000000000800159a        0xc ./Core/Src/stm32f1xx_it.o
                0x000000000800159a                DebugMon_Handler
 .text.PendSV_Handler
                0x00000000080015a6        0xc ./Core/Src/stm32f1xx_it.o
                0x00000000080015a6                PendSV_Handler
 .text.SysTick_Handler
                0x00000000080015b2        0xc ./Core/Src/stm32f1xx_it.o
                0x00000000080015b2                SysTick_Handler
 *fill*         0x00000000080015be        0x2 
 .text.TIM2_IRQHandler
                0x00000000080015c0       0x14 ./Core/Src/stm32f1xx_it.o
                0x00000000080015c0                TIM2_IRQHandler
 .text.SystemInit
                0x00000000080015d4        0xc ./Core/Src/system_stm32f1xx.o
                0x00000000080015d4                SystemInit
 .text.Reset_Handler
                0x00000000080015e0       0x48 ./Core/Startup/startup_stm32f103c8tx.o
                0x00000000080015e0                Reset_Handler
 .text.Default_Handler
                0x0000000008001628        0x2 ./Core/Startup/startup_stm32f103c8tx.o
                0x0000000008001628                RTC_Alarm_IRQHandler
                0x0000000008001628                EXTI2_IRQHandler
                0x0000000008001628                TIM1_CC_IRQHandler
                0x0000000008001628                PVD_IRQHandler
                0x0000000008001628                EXTI3_IRQHandler
                0x0000000008001628                EXTI0_IRQHandler
                0x0000000008001628                I2C2_EV_IRQHandler
                0x0000000008001628                ADC1_2_IRQHandler
                0x0000000008001628                SPI1_IRQHandler
                0x0000000008001628                TAMPER_IRQHandler
                0x0000000008001628                DMA1_Channel4_IRQHandler
                0x0000000008001628                USART3_IRQHandler
                0x0000000008001628                RTC_IRQHandler
                0x0000000008001628                DMA1_Channel7_IRQHandler
                0x0000000008001628                CAN1_RX1_IRQHandler
                0x0000000008001628                TIM4_IRQHandler
                0x0000000008001628                I2C1_EV_IRQHandler
                0x0000000008001628                DMA1_Channel6_IRQHandler
                0x0000000008001628                TIM3_IRQHandler
                0x0000000008001628                RCC_IRQHandler
                0x0000000008001628                TIM1_TRG_COM_IRQHandler
                0x0000000008001628                DMA1_Channel1_IRQHandler
                0x0000000008001628                Default_Handler
                0x0000000008001628                EXTI15_10_IRQHandler
                0x0000000008001628                EXTI9_5_IRQHandler
                0x0000000008001628                SPI2_IRQHandler
                0x0000000008001628                DMA1_Channel5_IRQHandler
                0x0000000008001628                EXTI4_IRQHandler
                0x0000000008001628                USB_LP_CAN1_RX0_IRQHandler
                0x0000000008001628                USB_HP_CAN1_TX_IRQHandler
                0x0000000008001628                DMA1_Channel3_IRQHandler
                0x0000000008001628                TIM1_UP_IRQHandler
                0x0000000008001628                WWDG_IRQHandler
                0x0000000008001628                TIM1_BRK_IRQHandler
                0x0000000008001628                EXTI1_IRQHandler
                0x0000000008001628                USART2_IRQHandler
                0x0000000008001628                I2C2_ER_IRQHandler
                0x0000000008001628                DMA1_Channel2_IRQHandler
                0x0000000008001628                CAN1_SCE_IRQHandler
                0x0000000008001628                FLASH_IRQHandler
                0x0000000008001628                USART1_IRQHandler
                0x0000000008001628                I2C1_ER_IRQHandler
                0x0000000008001628                USBWakeUp_IRQHandler
 *fill*         0x000000000800162a        0x2 
 .text.HAL_Init
                0x000000000800162c       0x2c ./Drivers/STM32F1xx_HAL_Driver/Src/stm32f1xx_hal.o
                0x000000000800162c                HAL_Init
 .text.HAL_InitTick
                0x0000000008001658       0x60 ./Drivers/STM32F1xx_HAL_Driver/Src/stm32f1xx_hal.o
                0x0000000008001658                HAL_InitTick
 .text.HAL_IncTick
                0x00000000080016b8       0x24 ./Drivers/STM32F1xx_HAL_Driver/Src/stm32f1xx_hal.o
                0x00000000080016b8                HAL_IncTick
 .text.HAL_GetTick
                0x00000000080016dc       0x14 ./Drivers/STM32F1xx_HAL_Driver/Src/stm32f1xx_hal.o
                0x00000000080016dc                HAL_GetTick
 .text.__NVIC_SetPriorityGrouping
                0x00000000080016f0       0x48 ./Drivers/STM32F1xx_HAL_Driver/Src/stm32f1xx_hal_cortex.o
 .text.__NVIC_GetPriorityGrouping
                0x0000000008001738       0x1c ./Drivers/STM32F1xx_HAL_Driver/Src/stm32f1xx_hal_cortex.o
 .text.__NVIC_EnableIRQ
                0x0000000008001754       0x38 ./Drivers/STM32F1xx_HAL_Driver/Src/stm32f1xx_hal_cortex.o
 .text.__NVIC_SetPriority
                0x000000000800178c       0x54 ./Drivers/STM32F1xx_HAL_Driver/Src/stm32f1xx_hal_cortex.o
 .text.NVIC_EncodePriority
                0x00000000080017e0       0x64 ./Drivers/STM32F1xx_HAL_Driver/Src/stm32f1xx_hal_cortex.o
 .text.SysTick_Config
                0x0000000008001844       0x44 ./Drivers/STM32F1xx_HAL_Driver/Src/stm32f1xx_hal_cortex.o
 .text.HAL_NVIC_SetPriorityGrouping
                0x0000000008001888       0x16 ./Drivers/STM32F1xx_HAL_Driver/Src/stm32f1xx_hal_cortex.o
                0x0000000008001888                HAL_NVIC_SetPriorityGrouping
 .text.HAL_NVIC_SetPriority
                0x000000000800189e       0x38 ./Drivers/STM32F1xx_HAL_Driver/Src/stm32f1xx_hal_cortex.o
                0x000000000800189e                HAL_NVIC_SetPriority
 .text.HAL_NVIC_EnableIRQ
                0x00000000080018d6       0x1c ./Drivers/STM32F1xx_HAL_Driver/Src/stm32f1xx_hal_cortex.o
                0x00000000080018d6                HAL_NVIC_EnableIRQ
 .text.HAL_SYSTICK_Config
                0x00000000080018f2       0x18 ./Drivers/STM32F1xx_HAL_Driver/Src/stm32f1xx_hal_cortex.o
                0x00000000080018f2                HAL_SYSTICK_Config
 *fill*         0x000000000800190a        0x2 
 .text.HAL_GPIO_Init
                0x000000000800190c      0x308 ./Drivers/STM32F1xx_HAL_Driver/Src/stm32f1xx_hal_gpio.o
                0x000000000800190c                HAL_GPIO_Init
 .text.HAL_GPIO_ReadPin
                0x0000000008001c14       0x2e ./Drivers/STM32F1xx_HAL_Driver/Src/stm32f1xx_hal_gpio.o
                0x0000000008001c14                HAL_GPIO_ReadPin
 .text.HAL_GPIO_WritePin
                0x0000000008001c42       0x30 ./Drivers/STM32F1xx_HAL_Driver/Src/stm32f1xx_hal_gpio.o
                0x0000000008001c42                HAL_GPIO_WritePin
 *fill*         0x0000000008001c72        0x2 
 .text.HAL_RCC_OscConfig
                0x0000000008001c74      0x504 ./Drivers/STM32F1xx_HAL_Driver/Src/stm32f1xx_hal_rcc.o
                0x0000000008001c74                HAL_RCC_OscConfig
 .text.HAL_RCC_ClockConfig
                0x0000000008002178      0x1d4 ./Drivers/STM32F1xx_HAL_Driver/Src/stm32f1xx_hal_rcc.o
                0x0000000008002178                HAL_RCC_ClockConfig
 .text.HAL_RCC_GetSysClockFreq
                0x000000000800234c       0xa8 ./Drivers/STM32F1xx_HAL_Driver/Src/stm32f1xx_hal_rcc.o
                0x000000000800234c                HAL_RCC_GetSysClockFreq
 .text.RCC_Delay
                0x00000000080023f4       0x3c ./Drivers/STM32F1xx_HAL_Driver/Src/stm32f1xx_hal_rcc.o
 .text.HAL_TIM_Base_Init
                0x0000000008002430       0x9e ./Drivers/STM32F1xx_HAL_Driver/Src/stm32f1xx_hal_tim.o
                0x0000000008002430                HAL_TIM_Base_Init
 *fill*         0x00000000080024ce        0x2 
 .text.HAL_TIM_Base_Start_IT
                0x00000000080024d0       0xa4 ./Drivers/STM32F1xx_HAL_Driver/Src/stm32f1xx_hal_tim.o
                0x00000000080024d0                HAL_TIM_Base_Start_IT
 .text.HAL_TIM_IRQHandler
                0x0000000008002574      0x210 ./Drivers/STM32F1xx_HAL_Driver/Src/stm32f1xx_hal_tim.o
                0x0000000008002574                HAL_TIM_IRQHandler
 .text.HAL_TIM_ConfigClockSource
                0x0000000008002784      0x18e ./Drivers/STM32F1xx_HAL_Driver/Src/stm32f1xx_hal_tim.o
                0x0000000008002784                HAL_TIM_ConfigClockSource
 .text.HAL_TIM_OC_DelayElapsedCallback
                0x0000000008002912       0x12 ./Drivers/STM32F1xx_HAL_Driver/Src/stm32f1xx_hal_tim.o
                0x0000000008002912                HAL_TIM_OC_DelayElapsedCallback
 .text.HAL_TIM_IC_CaptureCallback
                0x0000000008002924       0x12 ./Drivers/STM32F1xx_HAL_Driver/Src/stm32f1xx_hal_tim.o
                0x0000000008002924                HAL_TIM_IC_CaptureCallback
 .text.HAL_TIM_PWM_PulseFinishedCallback
                0x0000000008002936       0x12 ./Drivers/STM32F1xx_HAL_Driver/Src/stm32f1xx_hal_tim.o
                0x0000000008002936                HAL_TIM_PWM_PulseFinishedCallback
 .text.HAL_TIM_TriggerCallback
                0x0000000008002948       0x12 ./Drivers/STM32F1xx_HAL_Driver/Src/stm32f1xx_hal_tim.o
                0x0000000008002948                HAL_TIM_TriggerCallback
 *fill*         0x000000000800295a        0x2 
 .text.TIM_Base_SetConfig
                0x000000000800295c       0xc4 ./Drivers/STM32F1xx_HAL_Driver/Src/stm32f1xx_hal_tim.o
                0x000000000800295c                TIM_Base_SetConfig
 .text.TIM_TI1_ConfigInputStage
                0x0000000008002a20       0x5c ./Drivers/STM32F1xx_HAL_Driver/Src/stm32f1xx_hal_tim.o
 .text.TIM_TI2_ConfigInputStage
                0x0000000008002a7c       0x5e ./Drivers/STM32F1xx_HAL_Driver/Src/stm32f1xx_hal_tim.o
 .text.TIM_ITRx_SetConfig
                0x0000000008002ada       0x34 ./Drivers/STM32F1xx_HAL_Driver/Src/stm32f1xx_hal_tim.o
 .text.TIM_ETR_SetConfig
                0x0000000008002b0e       0x3e ./Drivers/STM32F1xx_HAL_Driver/Src/stm32f1xx_hal_tim.o
                0x0000000008002b0e                TIM_ETR_SetConfig
 .text.HAL_TIMEx_MasterConfigSynchronization
                0x0000000008002b4c       0xbc ./Drivers/STM32F1xx_HAL_Driver/Src/stm32f1xx_hal_tim_ex.o
                0x0000000008002b4c                HAL_TIMEx_MasterConfigSynchronization
 .text.HAL_TIMEx_CommutCallback
                0x0000000008002c08       0x12 ./Drivers/STM32F1xx_HAL_Driver/Src/stm32f1xx_hal_tim_ex.o
                0x0000000008002c08                HAL_TIMEx_CommutCallback
 .text.HAL_TIMEx_BreakCallback
                0x0000000008002c1a       0x12 ./Drivers/STM32F1xx_HAL_Driver/Src/stm32f1xx_hal_tim_ex.o
                0x0000000008002c1a                HAL_TIMEx_BreakCallback
 .text.memset   0x0000000008002c2c       0x10 D:/STM32/stm32cubeide/STM32CubeIDE_1.13.0/STM32CubeIDE/plugins/com.st.stm32cube.ide.mcu.externaltools.gnu-tools-for-stm32.11.3.rel1.win32_1.1.0.202305231506/tools/bin/../lib/gcc/arm-none-eabi/11.3.1/../../../../arm-none-eabi/lib/thumb/v7-m/nofp\libc_nano.a(libc_a-memset.o)
                0x0000000008002c2c                memset
 .text.__libc_init_array
                0x0000000008002c3c       0x48 D:/STM32/stm32cubeide/STM32CubeIDE_1.13.0/STM32CubeIDE/plugins/com.st.stm32cube.ide.mcu.externaltools.gnu-tools-for-stm32.11.3.rel1.win32_1.1.0.202305231506/tools/bin/../lib/gcc/arm-none-eabi/11.3.1/../../../../arm-none-eabi/lib/thumb/v7-m/nofp\libc_nano.a(libc_a-init.o)
                0x0000000008002c3c                __libc_init_array
 *(.glue_7)
 .glue_7        0x0000000008002c84        0x0 linker stubs
 *(.glue_7t)
 .glue_7t       0x0000000008002c84        0x0 linker stubs
 *(.eh_frame)
 .eh_frame      0x0000000008002c84        0x0 D:/STM32/stm32cubeide/STM32CubeIDE_1.13.0/STM32CubeIDE/plugins/com.st.stm32cube.ide.mcu.externaltools.gnu-tools-for-stm32.11.3.rel1.win32_1.1.0.202305231506/tools/bin/../lib/gcc/arm-none-eabi/11.3.1/thumb/v7-m/nofp/crtbegin.o
 *(.init)
 .init          0x0000000008002c84        0x4 D:/STM32/stm32cubeide/STM32CubeIDE_1.13.0/STM32CubeIDE/plugins/com.st.stm32cube.ide.mcu.externaltools.gnu-tools-for-stm32.11.3.rel1.win32_1.1.0.202305231506/tools/bin/../lib/gcc/arm-none-eabi/11.3.1/thumb/v7-m/nofp/crti.o
                0x0000000008002c84                _init
 .init          0x0000000008002c88        0x8 D:/STM32/stm32cubeide/STM32CubeIDE_1.13.0/STM32CubeIDE/plugins/com.st.stm32cube.ide.mcu.externaltools.gnu-tools-for-stm32.11.3.rel1.win32_1.1.0.202305231506/tools/bin/../lib/gcc/arm-none-eabi/11.3.1/thumb/v7-m/nofp/crtn.o
 *(.fini)
 .fini          0x0000000008002c90        0x4 D:/STM32/stm32cubeide/STM32CubeIDE_1.13.0/STM32CubeIDE/plugins/com.st.stm32cube.ide.mcu.externaltools.gnu-tools-for-stm32.11.3.rel1.win32_1.1.0.202305231506/tools/bin/../lib/gcc/arm-none-eabi/11.3.1/thumb/v7-m/nofp/crti.o
                0x0000000008002c90                _fini
 .fini          0x0000000008002c94        0x8 D:/STM32/stm32cubeide/STM32CubeIDE_1.13.0/STM32CubeIDE/plugins/com.st.stm32cube.ide.mcu.externaltools.gnu-tools-for-stm32.11.3.rel1.win32_1.1.0.202305231506/tools/bin/../lib/gcc/arm-none-eabi/11.3.1/thumb/v7-m/nofp/crtn.o
                0x0000000008002c9c                . = ALIGN (0x4)
                0x0000000008002c9c                _etext = .

.vfp11_veneer   0x0000000008002c9c        0x0
 .vfp11_veneer  0x0000000008002c9c        0x0 linker stubs

.v4_bx          0x0000000008002c9c        0x0
 .v4_bx         0x0000000008002c9c        0x0 linker stubs

.iplt           0x0000000008002c9c        0x0
 .iplt          0x0000000008002c9c        0x0 D:/STM32/stm32cubeide/STM32CubeIDE_1.13.0/STM32CubeIDE/plugins/com.st.stm32cube.ide.mcu.externaltools.gnu-tools-for-stm32.11.3.rel1.win32_1.1.0.202305231506/tools/bin/../lib/gcc/arm-none-eabi/11.3.1/thumb/v7-m/nofp/crtbegin.o

.rodata         0x0000000008002c9c       0x24
                0x0000000008002c9c                . = ALIGN (0x4)
 *(.rodata)
 *(.rodata*)
 .rodata.AHBPrescTable
                0x0000000008002c9c       0x10 ./Core/Src/system_stm32f1xx.o
                0x0000000008002c9c                AHBPrescTable
 .rodata.aPLLMULFactorTable.1
                0x0000000008002cac       0x10 ./Drivers/STM32F1xx_HAL_Driver/Src/stm32f1xx_hal_rcc.o
 .rodata.aPredivFactorTable.0
                0x0000000008002cbc        0x2 ./Drivers/STM32F1xx_HAL_Driver/Src/stm32f1xx_hal_rcc.o
                0x0000000008002cc0                . = ALIGN (0x4)
 *fill*         0x0000000008002cbe        0x2 

.rel.dyn        0x0000000008002cc0        0x0
 .rel.iplt      0x0000000008002cc0        0x0 D:/STM32/stm32cubeide/STM32CubeIDE_1.13.0/STM32CubeIDE/plugins/com.st.stm32cube.ide.mcu.externaltools.gnu-tools-for-stm32.11.3.rel1.win32_1.1.0.202305231506/tools/bin/../lib/gcc/arm-none-eabi/11.3.1/thumb/v7-m/nofp/crtbegin.o

.ARM.extab      0x0000000008002cc0        0x0
                0x0000000008002cc0                . = ALIGN (0x4)
 *(.ARM.extab* .gnu.linkonce.armextab.*)
                0x0000000008002cc0                . = ALIGN (0x4)

.ARM            0x0000000008002cc0        0x0
                0x0000000008002cc0                . = ALIGN (0x4)
                0x0000000008002cc0                __exidx_start = .
 *(.ARM.exidx*)
                0x0000000008002cc0                __exidx_end = .
                0x0000000008002cc0                . = ALIGN (0x4)

.preinit_array  0x0000000008002cc0        0x0
                0x0000000008002cc0                . = ALIGN (0x4)
                0x0000000008002cc0                PROVIDE (__preinit_array_start = .)
 *(.preinit_array*)
                0x0000000008002cc0                PROVIDE (__preinit_array_end = .)
                0x0000000008002cc0                . = ALIGN (0x4)

.init_array     0x0000000008002cc0        0x4
                0x0000000008002cc0                . = ALIGN (0x4)
                0x0000000008002cc0                PROVIDE (__init_array_start = .)
 *(SORT_BY_NAME(.init_array.*))
 *(.init_array*)
 .init_array    0x0000000008002cc0        0x4 D:/STM32/stm32cubeide/STM32CubeIDE_1.13.0/STM32CubeIDE/plugins/com.st.stm32cube.ide.mcu.externaltools.gnu-tools-for-stm32.11.3.rel1.win32_1.1.0.202305231506/tools/bin/../lib/gcc/arm-none-eabi/11.3.1/thumb/v7-m/nofp/crtbegin.o
                0x0000000008002cc4                PROVIDE (__init_array_end = .)
                0x0000000008002cc4                . = ALIGN (0x4)

.fini_array     0x0000000008002cc4        0x4
                0x0000000008002cc4                . = ALIGN (0x4)
                [!provide]                        PROVIDE (__fini_array_start = .)
 *(SORT_BY_NAME(.fini_array.*))
 *(.fini_array*)
 .fini_array    0x0000000008002cc4        0x4 D:/STM32/stm32cubeide/STM32CubeIDE_1.13.0/STM32CubeIDE/plugins/com.st.stm32cube.ide.mcu.externaltools.gnu-tools-for-stm32.11.3.rel1.win32_1.1.0.202305231506/tools/bin/../lib/gcc/arm-none-eabi/11.3.1/thumb/v7-m/nofp/crtbegin.o
                [!provide]                        PROVIDE (__fini_array_end = .)
                0x0000000008002cc8                . = ALIGN (0x4)
                0x0000000008002cc8                _sidata = LOADADDR (.data)

.data           0x0000000020000000       0x28 load address 0x0000000008002cc8
                0x0000000020000000                . = ALIGN (0x4)
                0x0000000020000000                _sdata = .
 *(.data)
 *(.data*)
 .data.led_buffer
                0x0000000020000000       0x10 ./Core/Src/7segs.o
                0x0000000020000000                led_buffer
 .data.i        0x0000000020000010        0x4 ./Core/Src/modify.o
                0x0000000020000010                i
 .data.timeWE   0x0000000020000014        0x1 ./Core/Src/modify.o
                0x0000000020000014                timeWE
 .data.timeNS   0x0000000020000015        0x1 ./Core/Src/modify.o
                0x0000000020000015                timeNS
 .data.RedTime  0x0000000020000016        0x1 ./Core/Src/modify.o
                0x0000000020000016                RedTime
 .data.RedTimeBuffer
                0x0000000020000017        0x1 ./Core/Src/modify.o
                0x0000000020000017                RedTimeBuffer
 .data.AmberTime
                0x0000000020000018        0x1 ./Core/Src/modify.o
                0x0000000020000018                AmberTime
 .data.AmberTimeBuffer
                0x0000000020000019        0x1 ./Core/Src/modify.o
                0x0000000020000019                AmberTimeBuffer
 .data.GreenTime
                0x000000002000001a        0x1 ./Core/Src/modify.o
                0x000000002000001a                GreenTime
 .data.GreenTimeBuffer
                0x000000002000001b        0x1 ./Core/Src/modify.o
                0x000000002000001b                GreenTimeBuffer
 .data.SystemCoreClock
                0x000000002000001c        0x4 ./Core/Src/system_stm32f1xx.o
                0x000000002000001c                SystemCoreClock
 .data.uwTickPrio
                0x0000000020000020        0x4 ./Drivers/STM32F1xx_HAL_Driver/Src/stm32f1xx_hal.o
                0x0000000020000020                uwTickPrio
 .data.uwTickFreq
                0x0000000020000024        0x1 ./Drivers/STM32F1xx_HAL_Driver/Src/stm32f1xx_hal.o
                0x0000000020000024                uwTickFreq
 *(.RamFunc)
 *(.RamFunc*)
                0x0000000020000028                . = ALIGN (0x4)
 *fill*         0x0000000020000025        0x3 
                0x0000000020000028                _edata = .

.igot.plt       0x0000000020000028        0x0 load address 0x0000000008002cf0
 .igot.plt      0x0000000020000028        0x0 D:/STM32/stm32cubeide/STM32CubeIDE_1.13.0/STM32CubeIDE/plugins/com.st.stm32cube.ide.mcu.externaltools.gnu-tools-for-stm32.11.3.rel1.win32_1.1.0.202305231506/tools/bin/../lib/gcc/arm-none-eabi/11.3.1/thumb/v7-m/nofp/crtbegin.o
                0x0000000020000028                . = ALIGN (0x4)

.bss            0x0000000020000028       0xb8 load address 0x0000000008002cf0
                0x0000000020000028                _sbss = .
                0x0000000020000028                __bss_start__ = _sbss
 *(.bss)
 .bss           0x0000000020000028       0x1c D:/STM32/stm32cubeide/STM32CubeIDE_1.13.0/STM32CubeIDE/plugins/com.st.stm32cube.ide.mcu.externaltools.gnu-tools-for-stm32.11.3.rel1.win32_1.1.0.202305231506/tools/bin/../lib/gcc/arm-none-eabi/11.3.1/thumb/v7-m/nofp/crtbegin.o
 *(.bss*)
 .bss.traffic_light_state
                0x0000000020000044        0x1 ./Core/Src/TrafficLight.o
                0x0000000020000044                traffic_light_state
 *fill*         0x0000000020000045        0x3 
 .bss.htim2     0x0000000020000048       0x48 ./Core/Src/main.o
                0x0000000020000048                htim2
 .bss.TrafficState
                0x0000000020000090        0x1 ./Core/Src/modify.o
                0x0000000020000090                TrafficState
 *fill*         0x0000000020000091        0x3 
 .bss.buttonState
                0x0000000020000094        0x3 ./Core/Src/modify.o
                0x0000000020000094                buttonState
 *fill*         0x0000000020000097        0x1 
 .bss.is_changing
                0x0000000020000098        0x3 ./Core/Src/modify.o
                0x0000000020000098                is_changing
 .bss.is_blink_led
                0x000000002000009b        0x1 ./Core/Src/modify.o
                0x000000002000009b                is_blink_led
 .bss.MyButton  0x000000002000009c       0x18 ./Core/Src/readbutton.o
                0x000000002000009c                MyButton
 .bss.timer     0x00000000200000b4       0x28 ./Core/Src/software_timer.o
                0x00000000200000b4                timer
 .bss.uwTick    0x00000000200000dc        0x4 ./Drivers/STM32F1xx_HAL_Driver/Src/stm32f1xx_hal.o
                0x00000000200000dc                uwTick
 *(COMMON)
                0x00000000200000e0                . = ALIGN (0x4)
                0x00000000200000e0                _ebss = .
                0x00000000200000e0                __bss_end__ = _ebss

._user_heap_stack
                0x00000000200000e0      0x600 load address 0x0000000008002cf0
                0x00000000200000e0                . = ALIGN (0x8)
                [!provide]                        PROVIDE (end = .)
                0x00000000200000e0                PROVIDE (_end = .)
                0x00000000200002e0                . = (. + _Min_Heap_Size)
 *fill*         0x00000000200000e0      0x200 
                0x00000000200006e0                . = (. + _Min_Stack_Size)
 *fill*         0x00000000200002e0      0x400 
                0x00000000200006e0                . = ALIGN (0x8)

/DISCARD/
 libc.a(*)
 libm.a(*)
 libgcc.a(*)

.ARM.attributes
                0x0000000000000000       0x29
 *(.ARM.attributes)
 .ARM.attributes
                0x0000000000000000       0x1d D:/STM32/stm32cubeide/STM32CubeIDE_1.13.0/STM32CubeIDE/plugins/com.st.stm32cube.ide.mcu.externaltools.gnu-tools-for-stm32.11.3.rel1.win32_1.1.0.202305231506/tools/bin/../lib/gcc/arm-none-eabi/11.3.1/thumb/v7-m/nofp/crti.o
 .ARM.attributes
                0x000000000000001d       0x2d D:/STM32/stm32cubeide/STM32CubeIDE_1.13.0/STM32CubeIDE/plugins/com.st.stm32cube.ide.mcu.externaltools.gnu-tools-for-stm32.11.3.rel1.win32_1.1.0.202305231506/tools/bin/../lib/gcc/arm-none-eabi/11.3.1/thumb/v7-m/nofp/crtbegin.o
 .ARM.attributes
                0x000000000000004a       0x2d ./Core/Src/7segs.o
 .ARM.attributes
                0x0000000000000077       0x2d ./Core/Src/TrafficLight.o
 .ARM.attributes
                0x00000000000000a4       0x2d ./Core/Src/main.o
 .ARM.attributes
                0x00000000000000d1       0x2d ./Core/Src/modify.o
 .ARM.attributes
                0x00000000000000fe       0x2d ./Core/Src/readbutton.o
 .ARM.attributes
                0x000000000000012b       0x2d ./Core/Src/software_timer.o
 .ARM.attributes
                0x0000000000000158       0x2d ./Core/Src/stm32f1xx_hal_msp.o
 .ARM.attributes
                0x0000000000000185       0x2d ./Core/Src/stm32f1xx_it.o
 .ARM.attributes
                0x00000000000001b2       0x2d ./Core/Src/system_stm32f1xx.o
 .ARM.attributes
                0x00000000000001df       0x21 ./Core/Startup/startup_stm32f103c8tx.o
 .ARM.attributes
                0x0000000000000200       0x2d ./Drivers/STM32F1xx_HAL_Driver/Src/stm32f1xx_hal.o
 .ARM.attributes
                0x000000000000022d       0x2d ./Drivers/STM32F1xx_HAL_Driver/Src/stm32f1xx_hal_cortex.o
 .ARM.attributes
                0x000000000000025a       0x2d ./Drivers/STM32F1xx_HAL_Driver/Src/stm32f1xx_hal_gpio.o
 .ARM.attributes
                0x0000000000000287       0x2d ./Drivers/STM32F1xx_HAL_Driver/Src/stm32f1xx_hal_rcc.o
 .ARM.attributes
                0x00000000000002b4       0x2d ./Drivers/STM32F1xx_HAL_Driver/Src/stm32f1xx_hal_tim.o
 .ARM.attributes
                0x00000000000002e1       0x2d ./Drivers/STM32F1xx_HAL_Driver/Src/stm32f1xx_hal_tim_ex.o
 .ARM.attributes
                0x000000000000030e       0x2d D:/STM32/stm32cubeide/STM32CubeIDE_1.13.0/STM32CubeIDE/plugins/com.st.stm32cube.ide.mcu.externaltools.gnu-tools-for-stm32.11.3.rel1.win32_1.1.0.202305231506/tools/bin/../lib/gcc/arm-none-eabi/11.3.1/../../../../arm-none-eabi/lib/thumb/v7-m/nofp\libc_nano.a(libc_a-memset.o)
 .ARM.attributes
                0x000000000000033b       0x2d D:/STM32/stm32cubeide/STM32CubeIDE_1.13.0/STM32CubeIDE/plugins/com.st.stm32cube.ide.mcu.externaltools.gnu-tools-for-stm32.11.3.rel1.win32_1.1.0.202305231506/tools/bin/../lib/gcc/arm-none-eabi/11.3.1/../../../../arm-none-eabi/lib/thumb/v7-m/nofp\libc_nano.a(libc_a-init.o)
 .ARM.attributes
                0x0000000000000368       0x1d D:/STM32/stm32cubeide/STM32CubeIDE_1.13.0/STM32CubeIDE/plugins/com.st.stm32cube.ide.mcu.externaltools.gnu-tools-for-stm32.11.3.rel1.win32_1.1.0.202305231506/tools/bin/../lib/gcc/arm-none-eabi/11.3.1/thumb/v7-m/nofp/crtn.o
OUTPUT(lab3_Button.elf elf32-littlearm)
LOAD linker stubs
LOAD D:/STM32/stm32cubeide/STM32CubeIDE_1.13.0/STM32CubeIDE/plugins/com.st.stm32cube.ide.mcu.externaltools.gnu-tools-for-stm32.11.3.rel1.win32_1.1.0.202305231506/tools/bin/../lib/gcc/arm-none-eabi/11.3.1/../../../../arm-none-eabi/lib/thumb/v7-m/nofp\libc.a
LOAD D:/STM32/stm32cubeide/STM32CubeIDE_1.13.0/STM32CubeIDE/plugins/com.st.stm32cube.ide.mcu.externaltools.gnu-tools-for-stm32.11.3.rel1.win32_1.1.0.202305231506/tools/bin/../lib/gcc/arm-none-eabi/11.3.1/../../../../arm-none-eabi/lib/thumb/v7-m/nofp\libm.a
LOAD D:/STM32/stm32cubeide/STM32CubeIDE_1.13.0/STM32CubeIDE/plugins/com.st.stm32cube.ide.mcu.externaltools.gnu-tools-for-stm32.11.3.rel1.win32_1.1.0.202305231506/tools/bin/../lib/gcc/arm-none-eabi/11.3.1/thumb/v7-m/nofp\libgcc.a

.comment        0x0000000000000000       0x43
 .comment       0x0000000000000000       0x43 D:/STM32/stm32cubeide/STM32CubeIDE_1.13.0/STM32CubeIDE/plugins/com.st.stm32cube.ide.mcu.externaltools.gnu-tools-for-stm32.11.3.rel1.win32_1.1.0.202305231506/tools/bin/../lib/gcc/arm-none-eabi/11.3.1/thumb/v7-m/nofp/crtbegin.o
                                         0x44 (size before relaxing)
 .comment       0x0000000000000043       0x44 ./Core/Src/7segs.o
 .comment       0x0000000000000043       0x44 ./Core/Src/TrafficLight.o
 .comment       0x0000000000000043       0x44 ./Core/Src/main.o
 .comment       0x0000000000000043       0x44 ./Core/Src/modify.o
 .comment       0x0000000000000043       0x44 ./Core/Src/readbutton.o
 .comment       0x0000000000000043       0x44 ./Core/Src/software_timer.o
 .comment       0x0000000000000043       0x44 ./Core/Src/stm32f1xx_hal_msp.o
 .comment       0x0000000000000043       0x44 ./Core/Src/stm32f1xx_it.o
 .comment       0x0000000000000043       0x44 ./Core/Src/system_stm32f1xx.o
 .comment       0x0000000000000043       0x44 ./Drivers/STM32F1xx_HAL_Driver/Src/stm32f1xx_hal.o
 .comment       0x0000000000000043       0x44 ./Drivers/STM32F1xx_HAL_Driver/Src/stm32f1xx_hal_cortex.o
 .comment       0x0000000000000043       0x44 ./Drivers/STM32F1xx_HAL_Driver/Src/stm32f1xx_hal_gpio.o
 .comment       0x0000000000000043       0x44 ./Drivers/STM32F1xx_HAL_Driver/Src/stm32f1xx_hal_rcc.o
 .comment       0x0000000000000043       0x44 ./Drivers/STM32F1xx_HAL_Driver/Src/stm32f1xx_hal_tim.o
 .comment       0x0000000000000043       0x44 ./Drivers/STM32F1xx_HAL_Driver/Src/stm32f1xx_hal_tim_ex.o

.debug_info     0x0000000000000000     0x868d
 .debug_info    0x0000000000000000      0x224 ./Core/Src/7segs.o
 .debug_info    0x0000000000000224      0x1be ./Core/Src/TrafficLight.o
 .debug_info    0x00000000000003e2      0xc1b ./Core/Src/main.o
 .debug_info    0x0000000000000ffd      0x422 ./Core/Src/modify.o
 .debug_info    0x000000000000141f      0x28e ./Core/Src/readbutton.o
 .debug_info    0x00000000000016ad      0x16f ./Core/Src/software_timer.o
 .debug_info    0x000000000000181c      0x8aa ./Core/Src/stm32f1xx_hal_msp.o
 .debug_info    0x00000000000020c6      0x6a1 ./Core/Src/stm32f1xx_it.o
 .debug_info    0x0000000000002767      0x222 ./Core/Src/system_stm32f1xx.o
 .debug_info    0x0000000000002989       0x23 ./Core/Startup/startup_stm32f103c8tx.o
 .debug_info    0x00000000000029ac      0x704 ./Drivers/STM32F1xx_HAL_Driver/Src/stm32f1xx_hal.o
 .debug_info    0x00000000000030b0      0xa87 ./Drivers/STM32F1xx_HAL_Driver/Src/stm32f1xx_hal_cortex.o
 .debug_info    0x0000000000003b37      0x5ab ./Drivers/STM32F1xx_HAL_Driver/Src/stm32f1xx_hal_gpio.o
 .debug_info    0x00000000000040e2      0x7d5 ./Drivers/STM32F1xx_HAL_Driver/Src/stm32f1xx_hal_rcc.o
 .debug_info    0x00000000000048b7     0x293b ./Drivers/STM32F1xx_HAL_Driver/Src/stm32f1xx_hal_tim.o
 .debug_info    0x00000000000071f2     0x149b ./Drivers/STM32F1xx_HAL_Driver/Src/stm32f1xx_hal_tim_ex.o

.debug_abbrev   0x0000000000000000     0x1c8b
 .debug_abbrev  0x0000000000000000      0x15e ./Core/Src/7segs.o
 .debug_abbrev  0x000000000000015e      0x115 ./Core/Src/TrafficLight.o
 .debug_abbrev  0x0000000000000273      0x2c7 ./Core/Src/main.o
 .debug_abbrev  0x000000000000053a      0x1a1 ./Core/Src/modify.o
 .debug_abbrev  0x00000000000006db      0x18e ./Core/Src/readbutton.o
 .debug_abbrev  0x0000000000000869      0x124 ./Core/Src/software_timer.o
 .debug_abbrev  0x000000000000098d      0x1ad ./Core/Src/stm32f1xx_hal_msp.o
 .debug_abbrev  0x0000000000000b3a      0x191 ./Core/Src/stm32f1xx_it.o
 .debug_abbrev  0x0000000000000ccb      0x13f ./Core/Src/system_stm32f1xx.o
 .debug_abbrev  0x0000000000000e0a       0x12 ./Core/Startup/startup_stm32f103c8tx.o
 .debug_abbrev  0x0000000000000e1c      0x201 ./Drivers/STM32F1xx_HAL_Driver/Src/stm32f1xx_hal.o
 .debug_abbrev  0x000000000000101d      0x2f8 ./Drivers/STM32F1xx_HAL_Driver/Src/stm32f1xx_hal_cortex.o
 .debug_abbrev  0x0000000000001315      0x1ca ./Drivers/STM32F1xx_HAL_Driver/Src/stm32f1xx_hal_gpio.o
 .debug_abbrev  0x00000000000014df      0x2b3 ./Drivers/STM32F1xx_HAL_Driver/Src/stm32f1xx_hal_rcc.o
 .debug_abbrev  0x0000000000001792      0x277 ./Drivers/STM32F1xx_HAL_Driver/Src/stm32f1xx_hal_tim.o
 .debug_abbrev  0x0000000000001a09      0x282 ./Drivers/STM32F1xx_HAL_Driver/Src/stm32f1xx_hal_tim_ex.o

.debug_aranges  0x0000000000000000      0xa40
 .debug_aranges
                0x0000000000000000       0x38 ./Core/Src/7segs.o
 .debug_aranges
                0x0000000000000038       0x20 ./Core/Src/TrafficLight.o
 .debug_aranges
                0x0000000000000058       0x48 ./Core/Src/main.o
 .debug_aranges
                0x00000000000000a0       0x48 ./Core/Src/modify.o
 .debug_aranges
                0x00000000000000e8       0x38 ./Core/Src/readbutton.o
 .debug_aranges
                0x0000000000000120       0x38 ./Core/Src/software_timer.o
 .debug_aranges
                0x0000000000000158       0x30 ./Core/Src/stm32f1xx_hal_msp.o
 .debug_aranges
                0x0000000000000188       0x68 ./Core/Src/stm32f1xx_it.o
 .debug_aranges
                0x00000000000001f0       0x28 ./Core/Src/system_stm32f1xx.o
 .debug_aranges
                0x0000000000000218       0x28 ./Core/Startup/startup_stm32f103c8tx.o
 .debug_aranges
                0x0000000000000240       0xe0 ./Drivers/STM32F1xx_HAL_Driver/Src/stm32f1xx_hal.o
 .debug_aranges
                0x0000000000000320      0x100 ./Drivers/STM32F1xx_HAL_Driver/Src/stm32f1xx_hal_cortex.o
 .debug_aranges
                0x0000000000000420       0x58 ./Drivers/STM32F1xx_HAL_Driver/Src/stm32f1xx_hal_gpio.o
 .debug_aranges
                0x0000000000000478       0x90 ./Drivers/STM32F1xx_HAL_Driver/Src/stm32f1xx_hal_rcc.o
 .debug_aranges
                0x0000000000000508      0x3d0 ./Drivers/STM32F1xx_HAL_Driver/Src/stm32f1xx_hal_tim.o
 .debug_aranges
                0x00000000000008d8      0x168 ./Drivers/STM32F1xx_HAL_Driver/Src/stm32f1xx_hal_tim_ex.o

.debug_rnglists
                0x0000000000000000      0x7d4
 .debug_rnglists
                0x0000000000000000       0x28 ./Core/Src/7segs.o
 .debug_rnglists
                0x0000000000000028       0x14 ./Core/Src/TrafficLight.o
 .debug_rnglists
                0x000000000000003c       0x33 ./Core/Src/main.o
 .debug_rnglists
                0x000000000000006f       0x37 ./Core/Src/modify.o
 .debug_rnglists
                0x00000000000000a6       0x26 ./Core/Src/readbutton.o
 .debug_rnglists
                0x00000000000000cc       0x25 ./Core/Src/software_timer.o
 .debug_rnglists
                0x00000000000000f1       0x1f ./Core/Src/stm32f1xx_hal_msp.o
 .debug_rnglists
                0x0000000000000110       0x49 ./Core/Src/stm32f1xx_it.o
 .debug_rnglists
                0x0000000000000159       0x1a ./Core/Src/system_stm32f1xx.o
 .debug_rnglists
                0x0000000000000173       0x19 ./Core/Startup/startup_stm32f103c8tx.o
 .debug_rnglists
                0x000000000000018c       0xa3 ./Drivers/STM32F1xx_HAL_Driver/Src/stm32f1xx_hal.o
 .debug_rnglists
                0x000000000000022f       0xbb ./Drivers/STM32F1xx_HAL_Driver/Src/stm32f1xx_hal_cortex.o
 .debug_rnglists
                0x00000000000002ea       0x3f ./Drivers/STM32F1xx_HAL_Driver/Src/stm32f1xx_hal_gpio.o
 .debug_rnglists
                0x0000000000000329       0x6c ./Drivers/STM32F1xx_HAL_Driver/Src/stm32f1xx_hal_rcc.o
 .debug_rnglists
                0x0000000000000395      0x31a ./Drivers/STM32F1xx_HAL_Driver/Src/stm32f1xx_hal_tim.o
 .debug_rnglists
                0x00000000000006af      0x125 ./Drivers/STM32F1xx_HAL_Driver/Src/stm32f1xx_hal_tim_ex.o

.debug_macro    0x0000000000000000    0x16f70
 .debug_macro   0x0000000000000000      0x1b8 ./Core/Src/7segs.o
 .debug_macro   0x00000000000001b8      0xa9c ./Core/Src/7segs.o
 .debug_macro   0x0000000000000c54       0x22 ./Core/Src/7segs.o
 .debug_macro   0x0000000000000c76       0x8e ./Core/Src/7segs.o
 .debug_macro   0x0000000000000d04       0x51 ./Core/Src/7segs.o
 .debug_macro   0x0000000000000d55      0x103 ./Core/Src/7segs.o
 .debug_macro   0x0000000000000e58       0x6a ./Core/Src/7segs.o
 .debug_macro   0x0000000000000ec2      0x1df ./Core/Src/7segs.o
 .debug_macro   0x00000000000010a1      0x215 ./Core/Src/7segs.o
 .debug_macro   0x00000000000012b6       0x2e ./Core/Src/7segs.o
 .debug_macro   0x00000000000012e4       0x22 ./Core/Src/7segs.o
 .debug_macro   0x0000000000001306       0x1c ./Core/Src/7segs.o
 .debug_macro   0x0000000000001322       0x22 ./Core/Src/7segs.o
 .debug_macro   0x0000000000001344       0xbd ./Core/Src/7segs.o
 .debug_macro   0x0000000000001401      0xd23 ./Core/Src/7segs.o
 .debug_macro   0x0000000000002124     0xe09e ./Core/Src/7segs.o
 .debug_macro   0x00000000000101c2       0x6d ./Core/Src/7segs.o
 .debug_macro   0x000000000001022f     0x348d ./Core/Src/7segs.o
 .debug_macro   0x00000000000136bc      0x174 ./Core/Src/7segs.o
 .debug_macro   0x0000000000013830       0x5c ./Core/Src/7segs.o
 .debug_macro   0x000000000001388c      0x5bc ./Core/Src/7segs.o
 .debug_macro   0x0000000000013e48      0x289 ./Core/Src/7segs.o
 .debug_macro   0x00000000000140d1      0x1cb ./Core/Src/7segs.o
 .debug_macro   0x000000000001429c      0x114 ./Core/Src/7segs.o
 .debug_macro   0x00000000000143b0      0x1b2 ./Core/Src/7segs.o
 .debug_macro   0x0000000000014562       0x27 ./Core/Src/7segs.o
 .debug_macro   0x0000000000014589      0x136 ./Core/Src/7segs.o
 .debug_macro   0x00000000000146bf      0x1bc ./Core/Src/7segs.o
 .debug_macro   0x000000000001487b       0x34 ./Core/Src/7segs.o
 .debug_macro   0x00000000000148af       0x3c ./Core/Src/7segs.o
 .debug_macro   0x00000000000148eb       0x57 ./Core/Src/7segs.o
 .debug_macro   0x0000000000014942       0x87 ./Core/Src/7segs.o
 .debug_macro   0x00000000000149c9      0x240 ./Core/Src/7segs.o
 .debug_macro   0x0000000000014c09      0x140 ./Core/Src/7segs.o
 .debug_macro   0x0000000000014d49      0x8ed ./Core/Src/7segs.o
 .debug_macro   0x0000000000015636       0x83 ./Core/Src/7segs.o
 .debug_macro   0x00000000000156b9       0xa6 ./Core/Src/7segs.o
 .debug_macro   0x000000000001575f      0x1b2 ./Core/Src/TrafficLight.o
 .debug_macro   0x0000000000015911      0x1f8 ./Core/Src/main.o
 .debug_macro   0x0000000000015b09       0x22 ./Core/Src/main.o
 .debug_macro   0x0000000000015b2b       0x28 ./Core/Src/main.o
 .debug_macro   0x0000000000015b53       0xac ./Core/Src/main.o
 .debug_macro   0x0000000000015bff      0x1f8 ./Core/Src/modify.o
 .debug_macro   0x0000000000015df7      0x1d7 ./Core/Src/readbutton.o
 .debug_macro   0x0000000000015fce       0x81 ./Core/Src/software_timer.o
 .debug_macro   0x000000000001604f      0x1a3 ./Core/Src/stm32f1xx_hal_msp.o
 .debug_macro   0x00000000000161f2      0x1ad ./Core/Src/stm32f1xx_it.o
 .debug_macro   0x000000000001639f      0x199 ./Core/Src/system_stm32f1xx.o
 .debug_macro   0x0000000000016538      0x1bd ./Drivers/STM32F1xx_HAL_Driver/Src/stm32f1xx_hal.o
 .debug_macro   0x00000000000166f5      0x199 ./Drivers/STM32F1xx_HAL_Driver/Src/stm32f1xx_hal_cortex.o
 .debug_macro   0x000000000001688e      0x204 ./Drivers/STM32F1xx_HAL_Driver/Src/stm32f1xx_hal_gpio.o
 .debug_macro   0x0000000000016a92      0x1ab ./Drivers/STM32F1xx_HAL_Driver/Src/stm32f1xx_hal_rcc.o
 .debug_macro   0x0000000000016c3d      0x19a ./Drivers/STM32F1xx_HAL_Driver/Src/stm32f1xx_hal_tim.o
 .debug_macro   0x0000000000016dd7      0x199 ./Drivers/STM32F1xx_HAL_Driver/Src/stm32f1xx_hal_tim_ex.o

.debug_line     0x0000000000000000     0xcc45
 .debug_line    0x0000000000000000      0x90f ./Core/Src/7segs.o
 .debug_line    0x000000000000090f      0x7d3 ./Core/Src/TrafficLight.o
 .debug_line    0x00000000000010e2      0x943 ./Core/Src/main.o
 .debug_line    0x0000000000001a25      0xb50 ./Core/Src/modify.o
 .debug_line    0x0000000000002575      0x93e ./Core/Src/readbutton.o
 .debug_line    0x0000000000002eb3      0x592 ./Core/Src/software_timer.o
 .debug_line    0x0000000000003445      0x7e9 ./Core/Src/stm32f1xx_hal_msp.o
 .debug_line    0x0000000000003c2e      0x888 ./Core/Src/stm32f1xx_it.o
 .debug_line    0x00000000000044b6      0x82c ./Core/Src/system_stm32f1xx.o
 .debug_line    0x0000000000004ce2       0x78 ./Core/Startup/startup_stm32f103c8tx.o
 .debug_line    0x0000000000004d5a      0xa59 ./Drivers/STM32F1xx_HAL_Driver/Src/stm32f1xx_hal.o
 .debug_line    0x00000000000057b3      0xc41 ./Drivers/STM32F1xx_HAL_Driver/Src/stm32f1xx_hal_cortex.o
 .debug_line    0x00000000000063f4      0xaf2 ./Drivers/STM32F1xx_HAL_Driver/Src/stm32f1xx_hal_gpio.o
 .debug_line    0x0000000000006ee6      0xe62 ./Drivers/STM32F1xx_HAL_Driver/Src/stm32f1xx_hal_rcc.o
 .debug_line    0x0000000000007d48     0x3545 ./Drivers/STM32F1xx_HAL_Driver/Src/stm32f1xx_hal_tim.o
 .debug_line    0x000000000000b28d     0x19b8 ./Drivers/STM32F1xx_HAL_Driver/Src/stm32f1xx_hal_tim_ex.o

.debug_str      0x0000000000000000    0x8473e
 .debug_str     0x0000000000000000    0x818c7 ./Core/Src/7segs.o
                                      0x81bf6 (size before relaxing)
 .debug_str     0x00000000000818c7       0x92 ./Core/Src/TrafficLight.o
                                      0x81bfa (size before relaxing)
 .debug_str     0x0000000000081959      0x8d4 ./Core/Src/main.o
                                      0x82527 (size before relaxing)
 .debug_str     0x000000000008222d      0x1a7 ./Core/Src/modify.o
                                      0x81f00 (size before relaxing)
 .debug_str     0x00000000000823d4       0xb1 ./Core/Src/readbutton.o
                                      0x81cb2 (size before relaxing)
 .debug_str     0x0000000000082485       0x4e ./Core/Src/software_timer.o
                                       0x3dc7 (size before relaxing)
 .debug_str     0x00000000000824d3      0x30c ./Core/Src/stm32f1xx_hal_msp.o
                                      0x82163 (size before relaxing)
 .debug_str     0x00000000000827df       0xec ./Core/Src/stm32f1xx_it.o
                                      0x81e92 (size before relaxing)
 .debug_str     0x00000000000828cb       0x7e ./Core/Src/system_stm32f1xx.o
                                      0x819b7 (size before relaxing)
 .debug_str     0x0000000000082949       0x34 ./Core/Startup/startup_stm32f103c8tx.o
                                         0x62 (size before relaxing)
 .debug_str     0x000000000008297d      0x38e ./Drivers/STM32F1xx_HAL_Driver/Src/stm32f1xx_hal.o
                                      0x820ea (size before relaxing)
 .debug_str     0x0000000000082d0b      0x29e ./Drivers/STM32F1xx_HAL_Driver/Src/stm32f1xx_hal_cortex.o
                                      0x82036 (size before relaxing)
 .debug_str     0x0000000000082fa9      0x309 ./Drivers/STM32F1xx_HAL_Driver/Src/stm32f1xx_hal_gpio.o
                                      0x81d3d (size before relaxing)
 .debug_str     0x00000000000832b2      0x229 ./Drivers/STM32F1xx_HAL_Driver/Src/stm32f1xx_hal_rcc.o
                                      0x81de6 (size before relaxing)
 .debug_str     0x00000000000834db      0xdd0 ./Drivers/STM32F1xx_HAL_Driver/Src/stm32f1xx_hal_tim.o
                                      0x82dd8 (size before relaxing)
 .debug_str     0x00000000000842ab      0x493 ./Drivers/STM32F1xx_HAL_Driver/Src/stm32f1xx_hal_tim_ex.o
                                      0x825f4 (size before relaxing)

.debug_frame    0x0000000000000000     0x28a4
 .debug_frame   0x0000000000000000       0xa0 ./Core/Src/7segs.o
 .debug_frame   0x00000000000000a0       0x2c ./Core/Src/TrafficLight.o
 .debug_frame   0x00000000000000cc       0xd4 ./Core/Src/main.o
 .debug_frame   0x00000000000001a0       0xb8 ./Core/Src/modify.o
 .debug_frame   0x0000000000000258       0xb0 ./Core/Src/readbutton.o
 .debug_frame   0x0000000000000308       0xa4 ./Core/Src/software_timer.o
 .debug_frame   0x00000000000003ac       0x80 ./Core/Src/stm32f1xx_hal_msp.o
 .debug_frame   0x000000000000042c      0x120 ./Core/Src/stm32f1xx_it.o
 .debug_frame   0x000000000000054c       0x58 ./Core/Src/system_stm32f1xx.o
 .debug_frame   0x00000000000005a4      0x334 ./Drivers/STM32F1xx_HAL_Driver/Src/stm32f1xx_hal.o
 .debug_frame   0x00000000000008d8      0x428 ./Drivers/STM32F1xx_HAL_Driver/Src/stm32f1xx_hal_cortex.o
 .debug_frame   0x0000000000000d00      0x14c ./Drivers/STM32F1xx_HAL_Driver/Src/stm32f1xx_hal_gpio.o
 .debug_frame   0x0000000000000e4c      0x218 ./Drivers/STM32F1xx_HAL_Driver/Src/stm32f1xx_hal_rcc.o
 .debug_frame   0x0000000000001064     0x11bc ./Drivers/STM32F1xx_HAL_Driver/Src/stm32f1xx_hal_tim.o
 .debug_frame   0x0000000000002220      0x638 ./Drivers/STM32F1xx_HAL_Driver/Src/stm32f1xx_hal_tim_ex.o
 .debug_frame   0x0000000000002858       0x20 D:/STM32/stm32cubeide/STM32CubeIDE_1.13.0/STM32CubeIDE/plugins/com.st.stm32cube.ide.mcu.externaltools.gnu-tools-for-stm32.11.3.rel1.win32_1.1.0.202305231506/tools/bin/../lib/gcc/arm-none-eabi/11.3.1/../../../../arm-none-eabi/lib/thumb/v7-m/nofp\libc_nano.a(libc_a-memset.o)
 .debug_frame   0x0000000000002878       0x2c D:/STM32/stm32cubeide/STM32CubeIDE_1.13.0/STM32CubeIDE/plugins/com.st.stm32cube.ide.mcu.externaltools.gnu-tools-for-stm32.11.3.rel1.win32_1.1.0.202305231506/tools/bin/../lib/gcc/arm-none-eabi/11.3.1/../../../../arm-none-eabi/lib/thumb/v7-m/nofp\libc_nano.a(libc_a-init.o)

.debug_line_str
                0x0000000000000000       0x56
 .debug_line_str
                0x0000000000000000       0x56 ./Core/Startup/startup_stm32f103c8tx.o
                                         0x6e (size before relaxing)
